// Jest Snapshot v1, https://goo.gl/fbAQLP

exports[`Login Container Must return login component 1`] = `
<DocumentFragment>
  <div
    class="container"
  >
    <div
      class="row"
    >
      <div
        class="m-auto col-sm-6 offset-sm-3"
      >
        <div
          class="card"
        >
          <div
            class="card-body"
          >
            <form
              class=""
            >
              <div
                class="form-group"
              >
                <label
                  class=""
                  for="exampleEmail"
                >
                  Email
                </label>
                <input
                  aria-invalid="false"
                  class="form-control"
                  id="exampleEmail"
                  name="email"
                  placeholder="enter your email"
                  type="email"
                  value=""
                />
                <div
                  class="invalid-feedback"
                />
              </div>
              <div
                class="form-group"
              >
                <label
                  class=""
                  for="examplePassword"
                >
                  Password
                </label>
                <input
                  aria-invalid="false"
                  class="form-control"
                  id="examplePassword"
                  name="password"
                  placeholder="enter your password"
                  type="password"
                  value=""
                />
                <div
                  class="invalid-feedback"
                />
              </div>
            </form>
            <button
              class="btn btn-secondary"
              type="button"
            >
              Login
            </button>
          </div>
        </div>
      </div>
    </div>
  </div>
</DocumentFragment>
`;
